Parser warnings: - Extra text detected before JSON object
- Extra text detected after JSON object
Trajectory dumped to /home/user/builds/harbor-harness-spread/jobs/run-gemini36--terminus-2/db-wal-recovery__fE8dHUd/agent/trajectory.json
Trajectory dumped to /home/user/builds/harbor-harness-spread/jobs/run-gemini36--terminus-2/db-wal-recovery__fE8dHUd/agent/trajectory.json
Trajectory dumped to /home/user/builds/harbor-harness-spread/jobs/run-gemini36--terminus-2/db-wal-recovery__fE8dHUd/agent/trajectory.json
Trajectory dumped to /home/user/builds/harbor-harness-spread/jobs/run-gemini36--terminus-2/db-wal-recovery__fE8dHUd/agent/trajectory.json
Trajectory dumped to /home/user/builds/harbor-harness-spread/jobs/run-gemini36--terminus-2/db-wal-recovery__fE8dHUd/agent/trajectory.json
Trajectory dumped to /home/user/builds/harbor-harness-spread/jobs/run-gemini36--terminus-2/db-wal-recovery__fE8dHUd/agent/trajectory.json
Trajectory dumped to /home/user/builds/harbor-harness-spread/jobs/run-gemini36--terminus-2/db-wal-recovery__fE8dHUd/agent/trajectory.json
Trajectory dumped to /home/user/builds/harbor-harness-spread/jobs/run-gemini36--terminus-2/db-wal-recovery__fE8dHUd/agent/trajectory.json
Trajectory dumped to /home/user/builds/harbor-harness-spread/jobs/run-gemini36--terminus-2/db-wal-recovery__fE8dHUd/agent/trajectory.json
Trajectory dumped to /home/user/builds/harbor-harness-spread/jobs/run-gemini36--terminus-2/db-wal-recovery__fE8dHUd/agent/trajectory.json
Trajectory dumped to /home/user/builds/harbor-harness-spread/jobs/run-gemini36--terminus-2/db-wal-recovery__fE8dHUd/agent/trajectory.json
Trajectory dumped to /home/user/builds/harbor-harness-spread/jobs/run-gemini36--terminus-2/db-wal-recovery__fE8dHUd/agent/trajectory.json
Trajectory dumped to /home/user/builds/harbor-harness-spread/jobs/run-gemini36--terminus-2/db-wal-recovery__fE8dHUd/agent/trajectory.json
Trajectory dumped to /home/user/builds/harbor-harness-spread/jobs/run-gemini36--terminus-2/db-wal-recovery__fE8dHUd/agent/trajectory.json
Trajectory dumped to /home/user/builds/harbor-harness-spread/jobs/run-gemini36--terminus-2/db-wal-recovery__fE8dHUd/agent/trajectory.json
Trajectory dumped to /home/user/builds/harbor-harness-spread/jobs/run-gemini36--terminus-2/db-wal-recovery__fE8dHUd/agent/trajectory.json
Parser warnings: - No valid JSON object found
Trajectory dumped to /home/user/builds/harbor-harness-spread/jobs/run-gemini36--terminus-2/db-wal-recovery__fE8dHUd/agent/trajectory.json
Trajectory dumped to /home/user/builds/harbor-harness-spread/jobs/run-gemini36--terminus-2/db-wal-recovery__fE8dHUd/agent/trajectory.json
Trajectory dumped to /home/user/builds/harbor-harness-spread/jobs/run-gemini36--terminus-2/db-wal-recovery__fE8dHUd/agent/trajectory.json
Trajectory dumped to /home/user/builds/harbor-harness-spread/jobs/run-gemini36--terminus-2/db-wal-recovery__fE8dHUd/agent/trajectory.json
Trajectory dumped to /home/user/builds/harbor-harness-spread/jobs/run-gemini36--terminus-2/db-wal-recovery__fE8dHUd/agent/trajectory.json
Trajectory dumped to /home/user/builds/harbor-harness-spread/jobs/run-gemini36--terminus-2/db-wal-recovery__fE8dHUd/agent/trajectory.json
Trajectory dumped to /home/user/builds/harbor-harness-spread/jobs/run-gemini36--terminus-2/db-wal-recovery__fE8dHUd/agent/trajectory.json
Trajectory dumped to /home/user/builds/harbor-harness-spread/jobs/run-gemini36--terminus-2/db-wal-recovery__fE8dHUd/agent/trajectory.json
Trajectory dumped to /home/user/builds/harbor-harness-spread/jobs/run-gemini36--terminus-2/db-wal-recovery__fE8dHUd/agent/trajectory.json
Trajectory dumped to /home/user/builds/harbor-harness-spread/jobs/run-gemini36--terminus-2/db-wal-recovery__fE8dHUd/agent/trajectory.json
Trajectory dumped to /home/user/builds/harbor-harness-spread/jobs/run-gemini36--terminus-2/db-wal-recovery__fE8dHUd/agent/trajectory.json
Trajectory dumped to /home/user/builds/harbor-harness-spread/jobs/run-gemini36--terminus-2/db-wal-recovery__fE8dHUd/agent/trajectory.json
Trajectory dumped to /home/user/builds/harbor-harness-spread/jobs/run-gemini36--terminus-2/db-wal-recovery__fE8dHUd/agent/trajectory.json
Trajectory dumped to /home/user/builds/harbor-harness-spread/jobs/run-gemini36--terminus-2/db-wal-recovery__fE8dHUd/agent/trajectory.json
Trajectory dumped to /home/user/builds/harbor-harness-spread/jobs/run-gemini36--terminus-2/db-wal-recovery__fE8dHUd/agent/trajectory.json
Trajectory dumped to /home/user/builds/harbor-harness-spread/jobs/run-gemini36--terminus-2/db-wal-recovery__fE8dHUd/agent/trajectory.json
Collecting main service artifacts
