Parser warnings: - Extra text detected before JSON object
- Extra text detected after JSON object
Trajectory dumped to /home/user/builds/harbor-harness-spread/jobs/fill-terminus-2-23385/torch-pipeline-parallelism__JXt2HfY/agent/trajectory.json
Trajectory dumped to /home/user/builds/harbor-harness-spread/jobs/fill-terminus-2-23385/torch-pipeline-parallelism__JXt2HfY/agent/trajectory.json
Trajectory dumped to /home/user/builds/harbor-harness-spread/jobs/fill-terminus-2-23385/torch-pipeline-parallelism__JXt2HfY/agent/trajectory.json
Trajectory dumped to /home/user/builds/harbor-harness-spread/jobs/fill-terminus-2-23385/torch-pipeline-parallelism__JXt2HfY/agent/trajectory.json
Trajectory dumped to /home/user/builds/harbor-harness-spread/jobs/fill-terminus-2-23385/torch-pipeline-parallelism__JXt2HfY/agent/trajectory.json
Trajectory dumped to /home/user/builds/harbor-harness-spread/jobs/fill-terminus-2-23385/torch-pipeline-parallelism__JXt2HfY/agent/trajectory.json
Trajectory dumped to /home/user/builds/harbor-harness-spread/jobs/fill-terminus-2-23385/torch-pipeline-parallelism__JXt2HfY/agent/trajectory.json
Trajectory dumped to /home/user/builds/harbor-harness-spread/jobs/fill-terminus-2-23385/torch-pipeline-parallelism__JXt2HfY/agent/trajectory.json
Trajectory dumped to /home/user/builds/harbor-harness-spread/jobs/fill-terminus-2-23385/torch-pipeline-parallelism__JXt2HfY/agent/trajectory.json
Trajectory dumped to /home/user/builds/harbor-harness-spread/jobs/fill-terminus-2-23385/torch-pipeline-parallelism__JXt2HfY/agent/trajectory.json
Trajectory dumped to /home/user/builds/harbor-harness-spread/jobs/fill-terminus-2-23385/torch-pipeline-parallelism__JXt2HfY/agent/trajectory.json
Trajectory dumped to /home/user/builds/harbor-harness-spread/jobs/fill-terminus-2-23385/torch-pipeline-parallelism__JXt2HfY/agent/trajectory.json
Trajectory dumped to /home/user/builds/harbor-harness-spread/jobs/fill-terminus-2-23385/torch-pipeline-parallelism__JXt2HfY/agent/trajectory.json
Trajectory dumped to /home/user/builds/harbor-harness-spread/jobs/fill-terminus-2-23385/torch-pipeline-parallelism__JXt2HfY/agent/trajectory.json
Trajectory dumped to /home/user/builds/harbor-harness-spread/jobs/fill-terminus-2-23385/torch-pipeline-parallelism__JXt2HfY/agent/trajectory.json
Trajectory dumped to /home/user/builds/harbor-harness-spread/jobs/fill-terminus-2-23385/torch-pipeline-parallelism__JXt2HfY/agent/trajectory.json
Trajectory dumped to /home/user/builds/harbor-harness-spread/jobs/fill-terminus-2-23385/torch-pipeline-parallelism__JXt2HfY/agent/trajectory.json
Trajectory dumped to /home/user/builds/harbor-harness-spread/jobs/fill-terminus-2-23385/torch-pipeline-parallelism__JXt2HfY/agent/trajectory.json
Trajectory dumped to /home/user/builds/harbor-harness-spread/jobs/fill-terminus-2-23385/torch-pipeline-parallelism__JXt2HfY/agent/trajectory.json
Trajectory dumped to /home/user/builds/harbor-harness-spread/jobs/fill-terminus-2-23385/torch-pipeline-parallelism__JXt2HfY/agent/trajectory.json
Trajectory dumped to /home/user/builds/harbor-harness-spread/jobs/fill-terminus-2-23385/torch-pipeline-parallelism__JXt2HfY/agent/trajectory.json
Trajectory dumped to /home/user/builds/harbor-harness-spread/jobs/fill-terminus-2-23385/torch-pipeline-parallelism__JXt2HfY/agent/trajectory.json
Trajectory dumped to /home/user/builds/harbor-harness-spread/jobs/fill-terminus-2-23385/torch-pipeline-parallelism__JXt2HfY/agent/trajectory.json
Trajectory dumped to /home/user/builds/harbor-harness-spread/jobs/fill-terminus-2-23385/torch-pipeline-parallelism__JXt2HfY/agent/trajectory.json
Parser warnings: - Command 1 should end with newline when followed by another command. Otherwise the two commands will be concatenated together on the same line.
Trajectory dumped to /home/user/builds/harbor-harness-spread/jobs/fill-terminus-2-23385/torch-pipeline-parallelism__JXt2HfY/agent/trajectory.json
Trajectory dumped to /home/user/builds/harbor-harness-spread/jobs/fill-terminus-2-23385/torch-pipeline-parallelism__JXt2HfY/agent/trajectory.json
Trajectory dumped to /home/user/builds/harbor-harness-spread/jobs/fill-terminus-2-23385/torch-pipeline-parallelism__JXt2HfY/agent/trajectory.json
Trajectory dumped to /home/user/builds/harbor-harness-spread/jobs/fill-terminus-2-23385/torch-pipeline-parallelism__JXt2HfY/agent/trajectory.json
Trajectory dumped to /home/user/builds/harbor-harness-spread/jobs/fill-terminus-2-23385/torch-pipeline-parallelism__JXt2HfY/agent/trajectory.json
Trajectory dumped to /home/user/builds/harbor-harness-spread/jobs/fill-terminus-2-23385/torch-pipeline-parallelism__JXt2HfY/agent/trajectory.json
Trajectory dumped to /home/user/builds/harbor-harness-spread/jobs/fill-terminus-2-23385/torch-pipeline-parallelism__JXt2HfY/agent/trajectory.json
Trajectory dumped to /home/user/builds/harbor-harness-spread/jobs/fill-terminus-2-23385/torch-pipeline-parallelism__JXt2HfY/agent/trajectory.json
Trajectory dumped to /home/user/builds/harbor-harness-spread/jobs/fill-terminus-2-23385/torch-pipeline-parallelism__JXt2HfY/agent/trajectory.json
Trajectory dumped to /home/user/builds/harbor-harness-spread/jobs/fill-terminus-2-23385/torch-pipeline-parallelism__JXt2HfY/agent/trajectory.json
Trajectory dumped to /home/user/builds/harbor-harness-spread/jobs/fill-terminus-2-23385/torch-pipeline-parallelism__JXt2HfY/agent/trajectory.json
Trajectory dumped to /home/user/builds/harbor-harness-spread/jobs/fill-terminus-2-23385/torch-pipeline-parallelism__JXt2HfY/agent/trajectory.json
Trajectory dumped to /home/user/builds/harbor-harness-spread/jobs/fill-terminus-2-23385/torch-pipeline-parallelism__JXt2HfY/agent/trajectory.json
Trajectory dumped to /home/user/builds/harbor-harness-spread/jobs/fill-terminus-2-23385/torch-pipeline-parallelism__JXt2HfY/agent/trajectory.json
Trajectory dumped to /home/user/builds/harbor-harness-spread/jobs/fill-terminus-2-23385/torch-pipeline-parallelism__JXt2HfY/agent/trajectory.json
Trajectory dumped to /home/user/builds/harbor-harness-spread/jobs/fill-terminus-2-23385/torch-pipeline-parallelism__JXt2HfY/agent/trajectory.json
Trajectory dumped to /home/user/builds/harbor-harness-spread/jobs/fill-terminus-2-23385/torch-pipeline-parallelism__JXt2HfY/agent/trajectory.json
Trajectory dumped to /home/user/builds/harbor-harness-spread/jobs/fill-terminus-2-23385/torch-pipeline-parallelism__JXt2HfY/agent/trajectory.json
Trajectory dumped to /home/user/builds/harbor-harness-spread/jobs/fill-terminus-2-23385/torch-pipeline-parallelism__JXt2HfY/agent/trajectory.json
Trajectory dumped to /home/user/builds/harbor-harness-spread/jobs/fill-terminus-2-23385/torch-pipeline-parallelism__JXt2HfY/agent/trajectory.json
Trajectory dumped to /home/user/builds/harbor-harness-spread/jobs/fill-terminus-2-23385/torch-pipeline-parallelism__JXt2HfY/agent/trajectory.json
Trajectory dumped to /home/user/builds/harbor-harness-spread/jobs/fill-terminus-2-23385/torch-pipeline-parallelism__JXt2HfY/agent/trajectory.json
Trajectory dumped to /home/user/builds/harbor-harness-spread/jobs/fill-terminus-2-23385/torch-pipeline-parallelism__JXt2HfY/agent/trajectory.json
Trajectory dumped to /home/user/builds/harbor-harness-spread/jobs/fill-terminus-2-23385/torch-pipeline-parallelism__JXt2HfY/agent/trajectory.json
Collecting main service artifacts
