Parser warnings: - Extra text detected before JSON object
- Extra text detected after JSON object
Trajectory dumped to /home/user/builds/harbor-harness-spread/jobs/fill-terminus-2-23385/overfull-hbox__ru6dPEH/agent/trajectory.json
Parser warnings: - Extra text detected before JSON object
- Extra text detected after JSON object
Trajectory dumped to /home/user/builds/harbor-harness-spread/jobs/fill-terminus-2-23385/overfull-hbox__ru6dPEH/agent/trajectory.json
Parser warnings: - Extra text detected before JSON object
- Extra text detected after JSON object
Parser warnings: - Extra text detected before JSON object
- Extra text detected after JSON object
Trajectory dumped to /home/user/builds/harbor-harness-spread/jobs/fill-terminus-2-23385/overfull-hbox__ru6dPEH/agent/trajectory.json
Parser warnings: - Extra text detected before JSON object
- Extra text detected after JSON object
Parser warnings: - Extra text detected before JSON object
- Extra text detected after JSON object
Trajectory dumped to /home/user/builds/harbor-harness-spread/jobs/fill-terminus-2-23385/overfull-hbox__ru6dPEH/agent/trajectory.json
Parser warnings: - Extra text detected before JSON object
- Extra text detected after JSON object
Parser warnings: - Extra text detected before JSON object
- Extra text detected after JSON object
Trajectory dumped to /home/user/builds/harbor-harness-spread/jobs/fill-terminus-2-23385/overfull-hbox__ru6dPEH/agent/trajectory.json
Parser warnings: - Extra text detected before JSON object
- Extra text detected after JSON object
Parser warnings: - Extra text detected before JSON object
- Extra text detected after JSON object
Parser warnings: - No valid JSON object found
Parser warnings: - Extra text detected before JSON object
- Extra text detected after JSON object
Parser warnings: - Extra text detected before JSON object
- Extra text detected after JSON object
Trajectory dumped to /home/user/builds/harbor-harness-spread/jobs/fill-terminus-2-23385/overfull-hbox__ru6dPEH/agent/trajectory.json
Parser warnings: - Extra text detected before JSON object
- Extra text detected after JSON object
Trajectory dumped to /home/user/builds/harbor-harness-spread/jobs/fill-terminus-2-23385/overfull-hbox__ru6dPEH/agent/trajectory.json
Parser warnings: - Extra text detected before JSON object
- Extra text detected after JSON object
Parser warnings: - Extra text detected before JSON object
- Extra text detected after JSON object
Parser warnings: - Extra text detected before JSON object
- Extra text detected after JSON object
Trajectory dumped to /home/user/builds/harbor-harness-spread/jobs/fill-terminus-2-23385/overfull-hbox__ru6dPEH/agent/trajectory.json
Parser warnings: - Extra text detected before JSON object
- Extra text detected after JSON object
Trajectory dumped to /home/user/builds/harbor-harness-spread/jobs/fill-terminus-2-23385/overfull-hbox__ru6dPEH/agent/trajectory.json
Parser warnings: - Extra text detected before JSON object
- Extra text detected after JSON object
Trajectory dumped to /home/user/builds/harbor-harness-spread/jobs/fill-terminus-2-23385/overfull-hbox__ru6dPEH/agent/trajectory.json
Parser warnings: - Extra text detected before JSON object
- Extra text detected after JSON object
Trajectory dumped to /home/user/builds/harbor-harness-spread/jobs/fill-terminus-2-23385/overfull-hbox__ru6dPEH/agent/trajectory.json
Parser warnings: - Extra text detected before JSON object
- Extra text detected after JSON object
Trajectory dumped to /home/user/builds/harbor-harness-spread/jobs/fill-terminus-2-23385/overfull-hbox__ru6dPEH/agent/trajectory.json
Parser warnings: - Extra text detected before JSON object
- Extra text detected after JSON object
Trajectory dumped to /home/user/builds/harbor-harness-spread/jobs/fill-terminus-2-23385/overfull-hbox__ru6dPEH/agent/trajectory.json
Parser warnings: - Extra text detected before JSON object
- Extra text detected after JSON object
Trajectory dumped to /home/user/builds/harbor-harness-spread/jobs/fill-terminus-2-23385/overfull-hbox__ru6dPEH/agent/trajectory.json
Parser warnings: - Extra text detected before JSON object
- Extra text detected after JSON object
Parser warnings: - Extra text detected before JSON object
- Extra text detected after JSON object
Trajectory dumped to /home/user/builds/harbor-harness-spread/jobs/fill-terminus-2-23385/overfull-hbox__ru6dPEH/agent/trajectory.json
Parser warnings: - Extra text detected before JSON object
- Extra text detected after JSON object
Parser warnings: - Extra text detected before JSON object
- Extra text detected after JSON object
Trajectory dumped to /home/user/builds/harbor-harness-spread/jobs/fill-terminus-2-23385/overfull-hbox__ru6dPEH/agent/trajectory.json
Parser warnings: - Extra text detected before JSON object
- Extra text detected after JSON object
Trajectory dumped to /home/user/builds/harbor-harness-spread/jobs/fill-terminus-2-23385/overfull-hbox__ru6dPEH/agent/trajectory.json
Parser warnings: - Extra text detected before JSON object
- Extra text detected after JSON object
Trajectory dumped to /home/user/builds/harbor-harness-spread/jobs/fill-terminus-2-23385/overfull-hbox__ru6dPEH/agent/trajectory.json
Parser warnings: - Extra text detected before JSON object
- Extra text detected after JSON object
Trajectory dumped to /home/user/builds/harbor-harness-spread/jobs/fill-terminus-2-23385/overfull-hbox__ru6dPEH/agent/trajectory.json
Parser warnings: - Extra text detected before JSON object
- Extra text detected after JSON object
Trajectory dumped to /home/user/builds/harbor-harness-spread/jobs/fill-terminus-2-23385/overfull-hbox__ru6dPEH/agent/trajectory.json
Parser warnings: - Extra text detected before JSON object
- Extra text detected after JSON object
Trajectory dumped to /home/user/builds/harbor-harness-spread/jobs/fill-terminus-2-23385/overfull-hbox__ru6dPEH/agent/trajectory.json
Parser warnings: - Extra text detected before JSON object
- Extra text detected after JSON object
Trajectory dumped to /home/user/builds/harbor-harness-spread/jobs/fill-terminus-2-23385/overfull-hbox__ru6dPEH/agent/trajectory.json
Parser warnings: - Extra text detected before JSON object
- Extra text detected after JSON object
Trajectory dumped to /home/user/builds/harbor-harness-spread/jobs/fill-terminus-2-23385/overfull-hbox__ru6dPEH/agent/trajectory.json
Parser warnings: - Extra text detected before JSON object
- Extra text detected after JSON object
Trajectory dumped to /home/user/builds/harbor-harness-spread/jobs/fill-terminus-2-23385/overfull-hbox__ru6dPEH/agent/trajectory.json
Parser warnings: - Extra text detected before JSON object
- Extra text detected after JSON object
Trajectory dumped to /home/user/builds/harbor-harness-spread/jobs/fill-terminus-2-23385/overfull-hbox__ru6dPEH/agent/trajectory.json
Parser warnings: - Extra text detected before JSON object
- Extra text detected after JSON object
Trajectory dumped to /home/user/builds/harbor-harness-spread/jobs/fill-terminus-2-23385/overfull-hbox__ru6dPEH/agent/trajectory.json
Parser warnings: - Extra text detected before JSON object
- Extra text detected after JSON object
Trajectory dumped to /home/user/builds/harbor-harness-spread/jobs/fill-terminus-2-23385/overfull-hbox__ru6dPEH/agent/trajectory.json
Parser warnings: - Extra text detected before JSON object
- Extra text detected after JSON object
Trajectory dumped to /home/user/builds/harbor-harness-spread/jobs/fill-terminus-2-23385/overfull-hbox__ru6dPEH/agent/trajectory.json
Parser warnings: - Extra text detected before JSON object
- Extra text detected after JSON object
Trajectory dumped to /home/user/builds/harbor-harness-spread/jobs/fill-terminus-2-23385/overfull-hbox__ru6dPEH/agent/trajectory.json
Collecting main service artifacts
