Parser warnings: - Extra text detected before JSON object
- Extra text detected after JSON object
Trajectory dumped to /home/user/builds/harbor-harness-spread/jobs/run-gemini36--terminus-2/password-recovery__rArjw3f/agent/trajectory.json
Parser warnings: - Extra text detected before JSON object
- Extra text detected after JSON object
Parser warnings: - Extra text detected before JSON object
- Extra text detected after JSON object
Trajectory dumped to /home/user/builds/harbor-harness-spread/jobs/run-gemini36--terminus-2/password-recovery__rArjw3f/agent/trajectory.json
Parser warnings: - Extra text detected before JSON object
- Extra text detected after JSON object
Trajectory dumped to /home/user/builds/harbor-harness-spread/jobs/run-gemini36--terminus-2/password-recovery__rArjw3f/agent/trajectory.json
Parser warnings: - Extra text detected before JSON object
- Extra text detected after JSON object
Trajectory dumped to /home/user/builds/harbor-harness-spread/jobs/run-gemini36--terminus-2/password-recovery__rArjw3f/agent/trajectory.json
Parser warnings: - Extra text detected before JSON object
- Extra text detected after JSON object
Trajectory dumped to /home/user/builds/harbor-harness-spread/jobs/run-gemini36--terminus-2/password-recovery__rArjw3f/agent/trajectory.json
Parser warnings: - Extra text detected before JSON object
- Extra text detected after JSON object
Trajectory dumped to /home/user/builds/harbor-harness-spread/jobs/run-gemini36--terminus-2/password-recovery__rArjw3f/agent/trajectory.json
Parser warnings: - Extra text detected before JSON object
- Extra text detected after JSON object
Trajectory dumped to /home/user/builds/harbor-harness-spread/jobs/run-gemini36--terminus-2/password-recovery__rArjw3f/agent/trajectory.json
Parser warnings: - Extra text detected before JSON object
- Extra text detected after JSON object
Trajectory dumped to /home/user/builds/harbor-harness-spread/jobs/run-gemini36--terminus-2/password-recovery__rArjw3f/agent/trajectory.json
Parser warnings: - Extra text detected before JSON object
- Extra text detected after JSON object
Trajectory dumped to /home/user/builds/harbor-harness-spread/jobs/run-gemini36--terminus-2/password-recovery__rArjw3f/agent/trajectory.json
Parser warnings: - Extra text detected before JSON object
- Extra text detected after JSON object
Parser warnings: - Extra text detected before JSON object
- Extra text detected after JSON object
Trajectory dumped to /home/user/builds/harbor-harness-spread/jobs/run-gemini36--terminus-2/password-recovery__rArjw3f/agent/trajectory.json
Parser warnings: - Extra text detected before JSON object
- Extra text detected after JSON object
Trajectory dumped to /home/user/builds/harbor-harness-spread/jobs/run-gemini36--terminus-2/password-recovery__rArjw3f/agent/trajectory.json
Parser warnings: - Extra text detected before JSON object
- Extra text detected after JSON object
Trajectory dumped to /home/user/builds/harbor-harness-spread/jobs/run-gemini36--terminus-2/password-recovery__rArjw3f/agent/trajectory.json
Parser warnings: - Extra text detected before JSON object
- Extra text detected after JSON object
Trajectory dumped to /home/user/builds/harbor-harness-spread/jobs/run-gemini36--terminus-2/password-recovery__rArjw3f/agent/trajectory.json
Parser warnings: - Extra text detected before JSON object
- Extra text detected after JSON object
- Command 1 should end with newline when followed by another command. Otherwise the two commands will be concatenated together on the same line.
Trajectory dumped to /home/user/builds/harbor-harness-spread/jobs/run-gemini36--terminus-2/password-recovery__rArjw3f/agent/trajectory.json
Parser warnings: - Extra text detected before JSON object
- Extra text detected after JSON object
Trajectory dumped to /home/user/builds/harbor-harness-spread/jobs/run-gemini36--terminus-2/password-recovery__rArjw3f/agent/trajectory.json
Parser warnings: - Extra text detected before JSON object
- Extra text detected after JSON object
Trajectory dumped to /home/user/builds/harbor-harness-spread/jobs/run-gemini36--terminus-2/password-recovery__rArjw3f/agent/trajectory.json
Parser warnings: - Extra text detected before JSON object
- Extra text detected after JSON object
Trajectory dumped to /home/user/builds/harbor-harness-spread/jobs/run-gemini36--terminus-2/password-recovery__rArjw3f/agent/trajectory.json
Parser warnings: - Extra text detected before JSON object
- Extra text detected after JSON object
Trajectory dumped to /home/user/builds/harbor-harness-spread/jobs/run-gemini36--terminus-2/password-recovery__rArjw3f/agent/trajectory.json
Parser warnings: - Extra text detected before JSON object
- Extra text detected after JSON object
Trajectory dumped to /home/user/builds/harbor-harness-spread/jobs/run-gemini36--terminus-2/password-recovery__rArjw3f/agent/trajectory.json
Parser warnings: - Extra text detected before JSON object
- Extra text detected after JSON object
Parser warnings: - Extra text detected before JSON object
- Extra text detected after JSON object
Trajectory dumped to /home/user/builds/harbor-harness-spread/jobs/run-gemini36--terminus-2/password-recovery__rArjw3f/agent/trajectory.json
Parser warnings: - Extra text detected before JSON object
- Extra text detected after JSON object
Trajectory dumped to /home/user/builds/harbor-harness-spread/jobs/run-gemini36--terminus-2/password-recovery__rArjw3f/agent/trajectory.json
Parser warnings: - Extra text detected before JSON object
- Extra text detected after JSON object
Trajectory dumped to /home/user/builds/harbor-harness-spread/jobs/run-gemini36--terminus-2/password-recovery__rArjw3f/agent/trajectory.json
Parser warnings: - Extra text detected before JSON object
- Extra text detected after JSON object
Trajectory dumped to /home/user/builds/harbor-harness-spread/jobs/run-gemini36--terminus-2/password-recovery__rArjw3f/agent/trajectory.json
Trajectory dumped to /home/user/builds/harbor-harness-spread/jobs/run-gemini36--terminus-2/password-recovery__rArjw3f/agent/trajectory.json
Collecting main service artifacts
